  agent-installer-api-server                     quay.io/okd/scos-content@sha256:e33f2bef713176fec9f37cd2537bfe76dfbd1323d026a0bde36c6bbe56d109f9
  agent-installer-csr-approver                   quay.io/okd/scos-content@sha256:d0435679eda9d6558581b2139286e75c8f4d97d2163fcfce8db08be39257092a
  agent-installer-node-agent                     quay.io/okd/scos-content@sha256:6a3a9d107c19cc1a18e4932aa05e41711471987ecd9ca7597ff19ce8f6f648cb
  agent-installer-orchestrator                   quay.io/okd/scos-content@sha256:bc10fbbb56db8c205dc82b617f2dcf9063cc13858ecb953187bfac36829420fb
  agent-installer-ui                             quay.io/okd/scos-content@sha256:14cb78270e149e021d8203362b1bc8fcbbc79145b6d884c21b7ec3a5ac8ecf3e
  agent-installer-utils                          quay.io/okd/scos-content@sha256:4370e09e03d1c80d6fbbb18893237b269f056755f305f039ab7a21d085a56749
  apiserver-network-proxy                        quay.io/okd/scos-content@sha256:18fc360bc5fc3b07e678f1c10e93dddb738b4f3074cc89f508009da1740e74be
  aws-cloud-controller-manager                   quay.io/okd/scos-content@sha256:733add18e909969a51043a461c98b9b57b6d50a8f89b1875aeb2e3f8795b6877
  aws-cluster-api-controllers                    quay.io/okd/scos-content@sha256:fbf25df3f86626475ffb5e48e057aeb9d9a4036c5d9ef91b2a66c345e69b6baa
  aws-ebs-csi-driver                             quay.io/okd/scos-content@sha256:5a00e921db732ea1c917587caa32b25d532fb4aa3ddf886e3c92ba9587dd2ed5
  aws-ebs-csi-driver-operator                    quay.io/okd/scos-content@sha256:d96520d1126c1933c211433bd4fe6ee703aeccd0cfb6654b78641ef08d7f65e6
  aws-karpenter-provider-aws                     quay.io/okd/scos-content@sha256:548ea8c496f7aaac18c659bc3e9a40fc24b8e083b0fab95b17f6d23603051b2e
  aws-kms-encryption-provider                    quay.io/okd/scos-content@sha256:5422c0f57ee2494df3c52521391d1d4dcfad6f8a32b40873f7b45a66815396a3
  aws-machine-controllers                        quay.io/okd/scos-content@sha256:0aff2fb18521a9cb824705aa12276f9bec7bb71ff532c1a5c877ecdc979d4ab8
  aws-node-termination-handler                   quay.io/okd/scos-content@sha256:23a1db22eaa83dfbc9665c31ba4444ec72e41db725be56413cf2f508fed33afc
  aws-pod-identity-webhook                       quay.io/okd/scos-content@sha256:9b217962580c8702a56334845cf0c767aaf82ac1fa1971beaba7fad5357c9c4b
  azure-cloud-controller-manager                 quay.io/okd/scos-content@sha256:ff713d40141b06a6bba5edbfe015e5bfaf4e38a9ab8ff882adac692e2fd4aa70
  azure-cloud-node-manager                       quay.io/okd/scos-content@sha256:74ea19feea4000969c867873485823aadd82d3441d35acb74138a4313ea12edf
  azure-cluster-api-controllers                  quay.io/okd/scos-content@sha256:b3db67153106ba98328b23e3eb16b2758031073a79dd0b1a32533a43b759852f
  azure-disk-csi-driver                          quay.io/okd/scos-content@sha256:e25e163c14f9dfb5f4e3e32f9481b0c4880a0667a2b7d81d5aca07f71411c740
  azure-disk-csi-driver-operator                 quay.io/okd/scos-content@sha256:2cc7294ecc7314a88bbbddb0caa55b86a27037115a99a1ddac3bf3c98c1d14b8
  azure-file-csi-driver                          quay.io/okd/scos-content@sha256:5cb0e0b09e2c86b6b2ece7ae5ea23e2bfb1a431d0c8bb938d36871b26567af7f
  azure-file-csi-driver-operator                 quay.io/okd/scos-content@sha256:95e5749f087b0961f11045740461b8e16e25af8377ab0ac94f28d0736dd78ea7
  azure-kms-encryption-provider                  quay.io/okd/scos-content@sha256:7144d54e5e9957ca5d04c2e54443eae3a1caa718a45dfa66ac3e42d3c4c7f2f9
  azure-machine-controllers                      quay.io/okd/scos-content@sha256:fe7936e1d0d4e96cabf54e025634ba090757eba21a0bef3431c40697ebc1764c
  azure-service-operator                         quay.io/okd/scos-content@sha256:1284bc1a998692cb49dd66a222f2a33c5a8214d8e041f1ac77eb763f78272d23
  azure-workload-identity-webhook                quay.io/okd/scos-content@sha256:65a901c1eb998195a6dceac14f4e92a67254b76f97c4d2d91187117f4ec77ce6
  baremetal-cluster-api-controllers              quay.io/okd/scos-content@sha256:2f276f3c3e1f8bfaad31eeb9f32b97764164e59a84fd316bea3ceb5e8d423136
  baremetal-installer                            quay.io/okd/scos-content@sha256:11f4cebabe269d28fe49933bfc481ebfc05831bad72a59331d70729fc23d8745
  baremetal-machine-controllers                  quay.io/okd/scos-content@sha256:4e450178f0183d261be8dba0880d827ead2ee62d97bd4c3dea81cff0f023aedb
  baremetal-operator                             quay.io/okd/scos-content@sha256:e85c9a0f7bdfd1723997b764cdc8ef0aa1c3235e65b42401d58da09fdf5ff529
  baremetal-runtimecfg                           quay.io/okd/scos-content@sha256:c18766948accd9f7b5e47c9e25800f97d73d1948b7bb8a9b2c9c24864b9956de
  cli                                            quay.io/okd/scos-content@sha256:5b594e25decdfec5a6973c713f6efdcbe55938b51af6d416661e710f5171d5f7
  cli-artifacts                                  quay.io/okd/scos-content@sha256:1646df6f03db046ea7ecf4d81de8e66c211a7f2ffb282b5377a75b2ff22b2571
  cloud-credential-operator                      quay.io/okd/scos-content@sha256:648abb8bdfd0603db145b5add9f72837ed33bf2aa05cfca449a8c994badf5018
  cloud-network-config-controller                quay.io/okd/scos-content@sha256:60d5298d9fb785c244270535e79e94eb8734a0fd655081cf9b72c1d5b2ea418f
  cluster-authentication-operator                quay.io/okd/scos-content@sha256:0bb2b2e53e0a245da0855b0460e9ddd45f58ce458b679dc0ce8531c1d1925158
  cluster-autoscaler                             quay.io/okd/scos-content@sha256:2842a3f834754b7fa8e23897f26d9faf3b273bf21e713b1f38ba522e6def100c
  cluster-autoscaler-operator                    quay.io/okd/scos-content@sha256:2e4972fbd78a9de8943a48ca79e7a4e2629759018b47d0721dd2775b59eccadc
  cluster-baremetal-operator                     quay.io/okd/scos-content@sha256:821e4e58084afbbce9936b982b05b84ba50d3a9d99f973837a45884c35510fa2
  cluster-bootstrap                              quay.io/okd/scos-content@sha256:852fccd0848de75c2b76018b68216eecd2800c5c41d2064af04d9bab9be4b492
  cluster-capi-controllers                       quay.io/okd/scos-content@sha256:82717416e1e9e58a8b771ad371598ba5c96845e2a8e2138786328c6e168edb78
  cluster-capi-operator                          quay.io/okd/scos-content@sha256:341ccac3c3bba004a84a81ee8cea388737fc84ad20ca5f7a117e6e235c7e22d1
  cluster-cloud-controller-manager-operator      quay.io/okd/scos-content@sha256:cd3ce951ca664d376d1902652895f7e4d336d86118637c4f365a676bfcc62561
  cluster-config-api                             quay.io/okd/scos-content@sha256:dbbf12bbdb897aaeded5c9310921d2d989d064dd9a7044b6d49a4e795cde803a
  cluster-config-operator                        quay.io/okd/scos-content@sha256:9a9e1d2aa3f5a4ec2ddc5928235466bfdf16cd577639193f039ce0f8c38080d5
  cluster-control-plane-machine-set-operator     quay.io/okd/scos-content@sha256:5af5ae8806afc44c51b1705da2e9b3be496fae30c283ad4d69c10709abd210ac
  cluster-csi-snapshot-controller-operator       quay.io/okd/scos-content@sha256:5d3855e16768365bd754559ae570cedb32226161ccd1d6809588cf1efb0fa668
  cluster-dns-operator                           quay.io/okd/scos-content@sha256:5496e79eceaecfb71160a2dbae5550a1ff7a969a5d7291ec604070d1bb4a6563
  cluster-etcd-operator                          quay.io/okd/scos-content@sha256:150c09effdc0af05f043e7b3866c3d58848303dfdab82f3d1281593662dd6d8d
  cluster-image-registry-operator                quay.io/okd/scos-content@sha256:335b7c9a395933638a220bd352dcd99f24134acd1c6283359341d17793e057fe
  cluster-ingress-operator                       quay.io/okd/scos-content@sha256:3b43c33f3c9642daa1871e2a60adc12cadc8da6788647e4c0a3a55a6e4cd5612
  cluster-kube-apiserver-operator                quay.io/okd/scos-content@sha256:a0bd068871dc7cdcb5b0100504225ae2e604de4239bfb93e6593ce1df44bed5a
  cluster-kube-controller-manager-operator       quay.io/okd/scos-content@sha256:346b1f1c4a803a9cbde41eb430ab62a0b0ff346cbabea396b3e1c858fb945f78
  cluster-kube-scheduler-operator                quay.io/okd/scos-content@sha256:5f7dca767c14a099ffcb034bab3d2cf4692ef7a1de5e2ceba31e894a81ef37fd
  cluster-kube-storage-version-migrator-operator quay.io/okd/scos-content@sha256:fa17e304bacca592e4c276ee61b1c455a3ef68c386d6f8d74fec421c3811c543
  cluster-machine-approver                       quay.io/okd/scos-content@sha256:fa2c5fef730d458b6279974d8622ccc80b3a939ff18d2ad947991595b3416b77
  cluster-monitoring-operator                    quay.io/okd/scos-content@sha256:c3b80afaf0c601bf587532e2d09efccbfe76d80e2a9bf7e039980efee18559bb
  cluster-network-operator                       quay.io/okd/scos-content@sha256:c1575bd5082dba45706069635a55823b1e1ddea120881eb7ffb1b292fd3af140
  cluster-node-tuning-operator                   quay.io/okd/scos-content@sha256:4f667a715e95f96f065b01d7658aa36469b6b38bec81a5195c272c82f2d950cc
  cluster-olm-operator                           quay.io/okd/scos-content@sha256:0ab246cb09edf2b1bbb77c97f9bdab65d3d533512adb64bca52a763ae8636955
  cluster-openshift-apiserver-operator           quay.io/okd/scos-content@sha256:d50710f933506675e122231aff1d6b44fa16b16f098e667694e491e68317880d
  cluster-openshift-controller-manager-operator  quay.io/okd/scos-content@sha256:22a617915b2dcb3c35331472ef0daa2ed4418df9edca2448d48d3c112030187d
  cluster-policy-controller                      quay.io/okd/scos-content@sha256:4e993f1f6ae2ce060d13b81d481b9468d1c3318dcd8b328bae345d52da98bf36
  cluster-samples-operator                       quay.io/okd/scos-content@sha256:f7af5c9b07601eda8212ba114726d9ab2c484def42b58bff2554fc6af2400f29
  cluster-storage-operator                       quay.io/okd/scos-content@sha256:aeabbd96becde775db28e3eee6594cad76ce41cfb4cf8f7ea6e5d02a385ee9e6
  cluster-update-keys                            quay.io/okd/scos-content@sha256:261a64e75454d5ddfc54749e7cde89c05283627edce9595c32adf45c7742f298
  cluster-version-operator                       quay.io/okd/scos-content@sha256:15fc813b709e14da20e897386481dea6d9719f8240d85e995291a24a8fcc318c
  configmap-reloader                             quay.io/okd/scos-content@sha256:7838fbb2fd71815fce79e5b0ef03db89bfb506b6212e819f629ccd577ea5d27a
  console                                        quay.io/okd/scos-content@sha256:0f802f3f3cc3bdc54af6996b84dad61bf04be3f7e20bfd5425fd2089f7ccd6f8
  console-operator                               quay.io/okd/scos-content@sha256:7afffed2232185585f2bc71debb5b747781ed630806fac62adf9ce212f881393
  container-networking-plugins                   quay.io/okd/scos-content@sha256:37047bdee85e0d92e58fde9fcc507d6fcc3013b056d8d924e3b8623b7b4fc81f
  containernetworking-plugins-microshift         quay.io/okd/scos-content@sha256:778cb43aa0aa2322e657aaf223da4417f835bd8765fe2300a2dd1b642dd71fcf
  coredns                                        quay.io/okd/scos-content@sha256:e0fc4db4f0438a4ff9ed275638dd4c6a981e79f9e555fb097e95035e50e066da
  csi-driver-manila                              quay.io/okd/scos-content@sha256:01a8c58ef651bd99ceddb106b0716056f751fbfe69ee3f8fc55241f4ae9ddb7b
  csi-driver-manila-operator                     quay.io/okd/scos-content@sha256:f2705e87e98db436cb2a0c34d41444dd14ba95ee37352a24be6939c8d3e3cf2b
  csi-driver-nfs                                 quay.io/okd/scos-content@sha256:3a20ce04cfb91f3bc90098ce87970b094fdb983fc1b68e2cb66db36047e139bd
  csi-external-attacher                          quay.io/okd/scos-content@sha256:2aec098f8960ae26e1bcc49a8ea79bc9f7b35ded150c096e0890a0ee3c87a6eb
  csi-external-provisioner                       quay.io/okd/scos-content@sha256:e36ef1909bfea2834dbd256c0f9e755324146227487fe185e87751b7195fb710
  csi-external-resizer                           quay.io/okd/scos-content@sha256:23caf7ef0e07c75efd2b69499c821a8557de6a548d3241d85f4de4b45ae4adc1
  csi-external-snapshot-metadata                 quay.io/okd/scos-content@sha256:4c0556350f0da521fd4b7b079785f11a59355127552d6ea9d021cb7e4ad37588
  csi-external-snapshotter                       quay.io/okd/scos-content@sha256:7379acea41397d88c4aedb92abd084baea80acb89d58cef66a7856a33d413e19
  csi-livenessprobe                              quay.io/okd/scos-content@sha256:7a9e3d2ce373da26d65131afd6d18948853d839a4d1cf581953473a87793d480
  csi-node-driver-registrar                      quay.io/okd/scos-content@sha256:158a21ae379165d9369c70786088b5d330b74f7397f43a789d9b37e60c495b2d
  csi-snapshot-controller                        quay.io/okd/scos-content@sha256:f6b904664f362b3af03487f58c4cedd0fbd57428857e6a890360b97292268684
  deployer                                       quay.io/okd/scos-content@sha256:d863242ecedcfae68a53b580395a2d961753e006b306e5afd891926f7a9ba210
  docker-builder                                 quay.io/okd/scos-content@sha256:4bd5647ba64b74fd8eaa3b98b3949719b26745a3e9a9a30195ea2301cfafffcb
  docker-registry                                quay.io/okd/scos-content@sha256:978ed94cbe014952c14433860ae2b42d9f42da0281d0504b9b759e9dc40747b2
  driver-toolkit                                 quay.io/okd/scos-content@sha256:9e78b79220dcc456cf9ae3b5ba0c88f8e6576cd46b1312503a34a0b916e8444b
  egress-router-cni                              quay.io/okd/scos-content@sha256:7806d39621b3d6be81e4a1ecf479131d2cc46a33cf63f7ea74a8c32774ffe794
  etcd                                           quay.io/okd/scos-content@sha256:b122149c7d02d701dc9475a1e4a318646a5bb9b2c742453b1dbf28d4ab244057
  gcp-cloud-controller-manager                   quay.io/okd/scos-content@sha256:4fc8a7aa90e2906e433442acf2aa9c3550639e8b39851033811e557fa28828a9
  gcp-cluster-api-controllers                    quay.io/okd/scos-content@sha256:8a94462c427df8bd8aa58362c3958ec5e8c511a0e8e9a43b7f7e245503de1f28
  gcp-machine-controllers                        quay.io/okd/scos-content@sha256:3135ce7a20f37e208f5225e90e227b03569958aaab2b08c3beac81878f107e36
  gcp-pd-csi-driver                              quay.io/okd/scos-content@sha256:c16b2488fe1e18a8aa580730521ff7bdba61e82bcdec8bef82d37a10d8273e20
  gcp-pd-csi-driver-operator                     quay.io/okd/scos-content@sha256:66e901ff697acdb27994be074d9d28f40cd4491a7fa4eb5b0f2ff0a8a5e1d2bc
  gcp-workload-identity-federation-webhook       quay.io/okd/scos-content@sha256:c2946c8dc7e3ea0fdb7cf3972f0091d64b0977315fe38bbaa8fc7cfcec2934a2
  haproxy-router                                 quay.io/okd/scos-content@sha256:dcef6abc78699d5dcebfe63038e78a73da62e14e97daad835f093cd7697eb6f6
  hyperkube                                      quay.io/okd/scos-content@sha256:b7b5ed09409260381345dec0dca11576ffdc133255f7a997b2407c523d0b91f9
  hypershift                                     quay.io/okd/scos-content@sha256:22c09f76835e9d937d0b5d21af9515838f1592ebb4dc72df7fb5312130d78230
  ibm-cloud-controller-manager                   quay.io/okd/scos-content@sha256:0a5f1a1ee79a391849f09d95074d98525de53205d496a660505234d314a13b4e
  ibm-vpc-block-csi-driver                       quay.io/okd/scos-content@sha256:fe49868f2e8ef8689ba248b8e094da28da82ce7c63c6d4512d7d42c0a44523b5
  ibm-vpc-block-csi-driver-operator              quay.io/okd/scos-content@sha256:6b83980ff61c870e7fbcb0632ff52b3fff6fdbc6f4bedcb5b341c08b9aa9dbec
  ibmcloud-cluster-api-controllers               quay.io/okd/scos-content@sha256:d87e36f5e2dc76e223cca8c7beed8d8350cad9f59c8f6d294052472d530bb6a0
  ibmcloud-machine-controllers                   quay.io/okd/scos-content@sha256:915eb477ca46db7c50a07a0e263613de1ad5bbdf4fd309495b83f164fa01b46d
  insights-operator                              quay.io/okd/scos-content@sha256:247ea3a25cc717aa932421e95f8eade8032ad1f9efa89d064929b28ab39151d8
  insights-runtime-exporter                      quay.io/okd/scos-content@sha256:dd218dc4d1876d67947c49bc90032e5e6cbab0749e2e458598ed7d9ef4bccbfb
  insights-runtime-extractor                     quay.io/okd/scos-content@sha256:ef729d24581c8780f7906c84ebe18bccad14c53aee8f5830f530bf992eee495b
  installer                                      quay.io/okd/scos-content@sha256:7f4df760889f61ae9aae2b484d3fa7c635fa0052bea33f86648a534fad0766b6
  installer-artifacts                            quay.io/okd/scos-content@sha256:1609f12f5a56788c5b34dfea230d3a09e4c9b2727c332cf96ea5fcc13ef2fbb6
  ironic                                         quay.io/okd/scos-content@sha256:03ae766dbbc4800fd64cd24aab0ed2fe7c269f8aa29965bdb689f35648f445cf
  ironic-agent                                   quay.io/okd/scos-content@sha256:2da36ac3142b228e6786f627850253f85aa79d64d760667531b7b17070b9a2d8
  ironic-machine-os-downloader                   quay.io/okd/scos-content@sha256:a1e85523d473da20bfc74e3c03a696b449f11f161b0043936aecc82d859bfe9f
  ironic-static-ip-manager                       quay.io/okd/scos-content@sha256:36fa6a4d2e124d7628f9ac02e45f6524ef9b35565774bab90537c53e9e63ee13
  keepalived-ipfailover                          quay.io/okd/scos-content@sha256:9c0374a3c3eb419015034f5ab5fc4c985343e6f632453336737232e2afa17a77
  kube-metrics-server                            quay.io/okd/scos-content@sha256:4521ccc02b53dd0ddb8f37907a9434a0cb276659cf13aab1511e7d7f1f6a1370
  kube-proxy                                     quay.io/okd/scos-content@sha256:5d51da1843155a22b58b6c413780847b53a7a5831b4fc0046b1ea5876b470dca
  kube-rbac-proxy                                quay.io/okd/scos-content@sha256:0bb6aba86122f1747125934aaa757e796bdbde52e05cd6fad16e5d6a57dcc575
  kube-state-metrics                             quay.io/okd/scos-content@sha256:8cc0fcbf144651b5698adc3049289e531d0a3383b79b0b6f0707e8adec8eca28
  kube-storage-version-migrator                  quay.io/okd/scos-content@sha256:96724e5806fb7ec9a59632e848b659bbc2613f44c5f7086ed230f5b1807c3445
  kubevirt-cloud-controller-manager              quay.io/okd/scos-content@sha256:705e95a71779276a242fa0312d2cc3f64c05c456dfa3913c385947f5441dc8bc
  kubevirt-csi-driver                            quay.io/okd/scos-content@sha256:c44f0bbdba8496d451e3ed07fa2c481b85a63e405985bc9c2be72cc97e922a1f
  machine-api-operator                           quay.io/okd/scos-content@sha256:47ef30197916790f0d30589541967bc75b3c23cc51479d98995fda723d5b31b7
  machine-config-operator                        quay.io/okd/scos-content@sha256:3920a6d09aae8fb015a483ed956091563b70d6912c5e1c1f4a51afa4f918a62a
  machine-image-customization-controller         quay.io/okd/scos-content@sha256:e55926d1261afa5a9d02012cb2e8b0e1a7c255004b5fae30508feb0d40289e18
  machine-os-images                              quay.io/okd/scos-content@sha256:49dab6153f7d9cbe052cb0f9be0ef3a69b3bd2fdb54e63273c6637837c8979c5
  metallb-frr                                    quay.io/okd/scos-content@sha256:ac6ae097123ca6db0a1860fdf3a8006a433feac30de2b5a90321e9e548423df1
  monitoring-plugin                              quay.io/okd/scos-content@sha256:14af537d671ee27d8dcf9cc7cf0173126fd02c5dd073e7a88d860350539f8d9b
  multus-admission-controller                    quay.io/okd/scos-content@sha256:286289e099f5894b57206b8bba9816195430487fe171f1d7f6baec9e1c0d9e48
  multus-cni                                     quay.io/okd/scos-content@sha256:a8911b45e4e49a963bc61d06bcf0e0cfbab5e45843a893af462a0387ebaad9e4
  multus-cni-microshift                          quay.io/okd/scos-content@sha256:7d73b16297ad513913e49a28be2f2b1cf7e5a3114a07f22e862fbc5fa16acbf4
  multus-networkpolicy                           quay.io/okd/scos-content@sha256:df11da2d34a994e9a377f5600d6e67f33efcec934305065aef7c595ee055654c
  multus-route-override-cni                      quay.io/okd/scos-content@sha256:1039e11d4ed6c97c88702c4444c20addce1f86d7d97299eae9509f6f95d43e8b
  multus-whereabouts-ipam-cni                    quay.io/okd/scos-content@sha256:43a46ff9067d961990f3164cd0012268c0a2c7c0640cad05e77b266a6e33f5de
  must-gather                                    quay.io/okd/scos-content@sha256:0aafe279c2ca403177d127691712b87a4a5cc46bb5b70142c51faefcd6d970c4
  network-interface-bond-cni                     quay.io/okd/scos-content@sha256:169c8f8545e457b56b182103e20a978899262af96a1d9bbe04aad5fc548f268c
  network-metrics-daemon                         quay.io/okd/scos-content@sha256:4963022bcede934e6cf4e2da9818df983948c2a719e4f962e7f82f5b36a1818f
  network-tools                                  quay.io/okd/scos-content@sha256:ac193e4d55ceb5aaa61689ef005815ea3a53b67e76992b7cf39be5b13157c53b
  networking-console-plugin                      quay.io/okd/scos-content@sha256:ccb46db0b3ecfcaa71616cbe26357036eb256d13f18a1df4e9c86f1b2721730e
  nutanix-cloud-controller-manager               quay.io/okd/scos-content@sha256:dcc22349e1c65f7c5fa654f12f6793f24b6d0e895d72029f4044251492071672
  nutanix-machine-controllers                    quay.io/okd/scos-content@sha256:179d70508a3e9d8a59cb963a5a06d9a0b68ad71f361ab8a92ec678f4e616f0bf
  oauth-apiserver                                quay.io/okd/scos-content@sha256:b05e1bd74e88474a4ffbadedcb12887fecbc898b86727376ee71054c595c9d5c
  oauth-proxy                                    quay.io/okd/scos-content@sha256:b3b65b9a89cf09b712a3dfe7cf1521a321d2260ef995413ca8d808d126f82016
  oauth-server                                   quay.io/okd/scos-content@sha256:d73b8613485f0ca3f6c35843c9a1f575f6f6f8ad806a0ab5cce01d0a3bbafee8
  oc-mirror                                      quay.io/okd/scos-content@sha256:0fb5e60ae87c936d85d7c4353e52ec2cea46ac15e244cb4c965f8cdc3a557ae1
  olm-catalogd                                   quay.io/okd/scos-content@sha256:31aace0dcb2ecdb966949c56971203205a2dc3e259212c55c8a7f10d1bbfb640
  olm-operator-controller                        quay.io/okd/scos-content@sha256:6eca83d60caffdbf62348872d6078a94651341a603ad425cbe905bd8a13977d2
  openshift-apiserver                            quay.io/okd/scos-content@sha256:b5b02aca9528b7db1dffe6de321c8fc755679cd9fa8a5f0ebb327fba217521e2
  openshift-controller-manager                   quay.io/okd/scos-content@sha256:4edd41f304126a1f9e584c972279d0210e41dfaec789926c44fde5bb7492c0d2
  openshift-state-metrics                        quay.io/okd/scos-content@sha256:26cff30e3c24b614ab731e29abec5a0a0444ef43b420129d1ee04389ff8e3010
  openstack-cinder-csi-driver                    quay.io/okd/scos-content@sha256:9459a710fa1c72abbb86fb7b81f658091ab6591bac399f7bd6940fa30159b7ae
  openstack-cinder-csi-driver-operator           quay.io/okd/scos-content@sha256:eb53858f7f4f9481483a8a80c50227550a8a6dba91e3c4bfc931d996ea076e7f
  openstack-cloud-controller-manager             quay.io/okd/scos-content@sha256:2474b3462eb1aee9c178fe0f4a9a4755e0c7b65343dbcc8fc0f6581af371e838
  openstack-cluster-api-controllers              quay.io/okd/scos-content@sha256:1db7be1b13e74e0602d57cecad82cd3065059e35b30bedcced0ac2774e7e588d
  openstack-machine-api-provider                 quay.io/okd/scos-content@sha256:ca7d020080f850ed8a093a633370b1c40d218353a625bc640f3d0e1fd66355d6
  openstack-resource-controller                  quay.io/okd/scos-content@sha256:3a9d5e91136fb0e0feba32f4c42c3c3a9c10f3da44babda97440e643225f5b67
  operator-framework-tools                       quay.io/okd/scos-content@sha256:6708e81736ee02d2d1c5712ed4f22d9a9abb42a4f6c0ee810e66cea1013d8707
  operator-lifecycle-manager                     quay.io/okd/scos-content@sha256:9136c64ae12e3889c76f7302d6ec593207ddfa20b3117241d919f75c843e1a15
  operator-marketplace                           quay.io/okd/scos-content@sha256:ac9a04475267cf8c7134535a5bff6bf9d2cd38951ac9d3c266f31873e3dff096
  operator-registry                              quay.io/okd/scos-content@sha256:7c62a9a470f503fec6b34f1a85399023ea855a57eea63bd19e683d8542c9393e
  ovn-kubernetes                                 quay.io/okd/scos-content@sha256:3772a69441569a1e7c77094730f89105396e5c0a2400927c09379aff58c08640
  ovn-kubernetes-microshift                      quay.io/okd/scos-content@sha256:468c9c4f30a06135b6ee397b3f128549a8881a7e89c5fcec5606a10ed68a52f5
  pod                                            quay.io/okd/scos-content@sha256:900409b71c61e3ed3ec9f6a239b57921f7bbe9b3f115c2a41f4dcab0bf074b02
  powervs-block-csi-driver                       quay.io/okd/scos-content@sha256:1d48dfe1e7a4f22c561b4966a41c4cefe0d43494f2208efd133a5e180628ee27
  powervs-block-csi-driver-operator              quay.io/okd/scos-content@sha256:efea9d66fdbe657028d8558ea5a16bdecbec08ad9bb6cfbf74dfa264f6b73904
  powervs-cloud-controller-manager               quay.io/okd/scos-content@sha256:ae75281250191bdb943e3a80a68e07e5bcd901e48e5a05d19cb8a321f767a11b
  powervs-machine-controllers                    quay.io/okd/scos-content@sha256:594f17e81bea08447d1dfd456448b7a2e2032ecef4d899d7b3de537e3b8fa614
  prom-label-proxy                               quay.io/okd/scos-content@sha256:6a206ca77edbc1699d457145f7cb9a985c9318934f5b8d1b2d4afb21fe427647
  prometheus                                     quay.io/okd/scos-content@sha256:804afc89c5354fa320624686171a87a284fe90e5660d8465e18d508c9062efab
  prometheus-alertmanager                        quay.io/okd/scos-content@sha256:ec8686b97e5211d11bae66286e9cee1308ae1c211299c3885493781db68dd971
  prometheus-config-reloader                     quay.io/okd/scos-content@sha256:605e0a375054f58fb08fe2681b7218ab8fd65a2da28dea2a5ea017d66c482f94
  prometheus-node-exporter                       quay.io/okd/scos-content@sha256:a4899b1025d3f7ade342f710ef75bd32850b8becf4aaeeac17a080ec756b5cfa
  prometheus-operator                            quay.io/okd/scos-content@sha256:2681546aee3ee8b761ba930c40387f4a016c63349dbc181d61cfe7692823b2f2
  prometheus-operator-admission-webhook          quay.io/okd/scos-content@sha256:40f201aef50fc0d8b0c0b9b71cdf1697d873d33c8895dfc200d85aa7a0666152
  route-controller-manager                       quay.io/okd/scos-content@sha256:213b74a155a73fcd7fdc08be11764a4993f149bf86c7460776c4875993765c12
  service-ca-operator                            quay.io/okd/scos-content@sha256:329acd84a8b6e2d64a138bfa5b67208201dbcc84578e8eb4aa31bc53a01757e4
  stream-coreos                                  quay.io/okd/scos-content@sha256:ea9c3617059d50829367a3b6fad651bfee2513986828cf1a181bfea5f0818643
  stream-coreos-extensions                       quay.io/okd/scos-content@sha256:46b0e7f3e94b2b7177df4714317f400e44005ef8da56a2d9659c5398982f2034
  telemeter                                      quay.io/okd/scos-content@sha256:1ece111e8ce39c2f3f57bf764eea8f41e942cf928033c35ffa580ce14f89e9a4
  tests                                          quay.io/okd/scos-content@sha256:02af54f7fd0df848e5fe8d12d02c54e08af8e855da668e0792f62cd2a966b6c4
  thanos                                         quay.io/okd/scos-content@sha256:9bceedca162f2fa9eab00d1c73c33e0cd7b8b057c87558c7b3c68fbc4439d47c
  tools                                          quay.io/okd/scos-content@sha256:412f1471d4a206a865c3dbf89cf0ccad09c8827ed7420c17aa73226f3a605e3d
  volume-data-source-validator                   quay.io/okd/scos-content@sha256:74ea90ea78219530d3358b5f2a3b3b594673652b6719b41f533de575aab8cd9b
  vsphere-cloud-controller-manager               quay.io/okd/scos-content@sha256:2c018c2a2dc672d35dfe860a14a4b66965c9308ea57186b0f9225e201c549f0d
  vsphere-cluster-api-controllers                quay.io/okd/scos-content@sha256:40b6297eaf72e2959cc8853200802c4fef3d144a762f04b14f2e25fd8b2e9556
  vsphere-csi-driver                             quay.io/okd/scos-content@sha256:a8f636dbf494b3630acd332a8adc45eec7954bb653a4d8c8b633b800a2c3f03d
  vsphere-csi-driver-operator                    quay.io/okd/scos-content@sha256:e3c66f7b2ff25e588e31b4a7c366229b5718f321ce097beca93118fa5e499e20
  vsphere-csi-driver-syncer                      quay.io/okd/scos-content@sha256:3f8d40a55a4a879a01dec95402559e455455211a397c3de1ae2c53b3f6701302
  vsphere-problem-detector                       quay.io/okd/scos-content@sha256:4acc74eedba25ed7178af9d35aef250d116d6904b4b345ba4fced78629b52b5fs
